2025-06-17 16:20:45.220 [main] INFO  com.example.template.TemplateApplication - Starting TemplateApplication using Java 17.0.15 with PID 13768 (C:\Users\A1292024037\Desktop\어프로티움 프레임워크\framework_v0.1\ITBack-end\build\classes\java\main started by A1292024037 in C:\Users\A1292024037\Desktop\어프로티움 프레임워크\framework_v0.1\ITBack-end)
2025-06-17 16:20:45.222 [main] DEBUG com.example.template.TemplateApplication - Running with Spring Boot v3.2.5, Spring v6.1.6
2025-06-17 16:20:45.223 [main] INFO  com.example.template.TemplateApplication - No active profile set, falling back to 1 default profile: "default"
2025-06-17 16:20:46.055 [main] DEBUG o.m.s.boot.autoconfigure.MybatisAutoConfiguration - Searching for mappers annotated with @Mapper
2025-06-17 16:20:46.056 [main] DEBUG o.m.s.boot.autoconfigure.MybatisAutoConfiguration - Using auto-configuration base package 'com.example.template'
2025-06-17 16:20:46.221 [main] DEBUG org.mybatis.spring.mapper.ClassPathMapperScanner - Identified candidate component class: file [C:\Users\A1292024037\Desktop\어프로티움 프레임워크\framework_v0.1\ITBack-end\build\classes\java\main\com\example\template\domain\comCode\mapper\comCodeMapper.class]
2025-06-17 16:20:46.222 [main] DEBUG org.mybatis.spring.mapper.ClassPathMapperScanner - Creating MapperFactoryBean with name 'comCodeMapper' and 'com.example.template.domain.comCode.mapper.comCodeMapper' mapperInterface
2025-06-17 16:20:46.764 [main] INFO  o.s.boot.web.embedded.tomcat.TomcatWebServer - Tomcat initialized with port 8080 (http)
2025-06-17 16:20:46.776 [main] INFO  org.apache.coyote.http11.Http11NioProtocol - Initializing ProtocolHandler ["http-nio-8080"]
2025-06-17 16:20:46.778 [main] INFO  org.apache.catalina.core.StandardService - Starting service [Tomcat]
2025-06-17 16:20:46.778 [main] INFO  org.apache.catalina.core.StandardEngine - Starting Servlet engine: [Apache Tomcat/10.1.20]
2025-06-17 16:20:46.868 [main] INFO  o.a.c.core.ContainerBase.[Tomcat].[localhost].[/] - Initializing Spring embedded WebApplicationContext
2025-06-17 16:20:46.869 [main] INFO  o.s.b.w.s.c.ServletWebServerApplicationContext - Root WebApplicationContext: initialization completed in 1592 ms
2025-06-17 16:20:47.252 [main] DEBUG org.mybatis.spring.SqlSessionFactoryBean - Parsed mapper file: 'file [C:\Users\A1292024037\Desktop\어프로티움 프레임워크\framework_v0.1\ITBack-end\build\resources\main\mappers\comCode.xml]'
2025-06-17 16:20:47.317 [main] WARN  o.s.b.a.s.s.UserDetailsServiceAutoConfiguration - 

Using generated security password: 3061b46b-9dba-40d2-a096-eb7be83f38fe

This generated password is for development use only. Your security configuration must be updated before running your application in production.

2025-06-17 16:20:47.574 [main] INFO  o.s.security.web.DefaultSecurityFilterChain - Will secure any request with [org.springframework.security.web.session.DisableEncodeUrlFilter@2b682e9, org.springframework.security.web.context.request.async.WebAsyncManagerIntegrationFilter@15586843, org.springframework.security.web.context.SecurityContextHolderFilter@734fbae3, org.springframework.security.web.header.HeaderWriterFilter@6f07d414, org.springframework.web.filter.CorsFilter@4fbb1144, org.springframework.security.web.authentication.logout.LogoutFilter@71dd4624, com.example.template.config.SecurityConfig$JwtFilter@e2b3026, org.springframework.security.web.savedrequest.RequestCacheAwareFilter@4a6a6a69, org.springframework.security.web.servletapi.SecurityContextHolderAwareRequestFilter@5d7f1e59, org.springframework.security.web.authentication.AnonymousAuthenticationFilter@38bc5ac0, org.springframework.security.web.access.ExceptionTranslationFilter@1fcaea93, org.springframework.security.web.access.intercept.AuthorizationFilter@2026fbff]
2025-06-17 16:20:47.686 [main] DEBUG o.m.s.boot.autoconfigure.MybatisAutoConfiguration - Not found configuration for registering mapper bean using @MapperScan, MapperFactoryBean and MapperScannerConfigurer.
2025-06-17 16:20:47.752 [main] INFO  org.apache.coyote.http11.Http11NioProtocol - Starting ProtocolHandler ["http-nio-8080"]
2025-06-17 16:20:47.775 [main] INFO  o.s.boot.web.embedded.tomcat.TomcatWebServer - Tomcat started on port 8080 (http) with context path ''
2025-06-17 16:20:47.781 [main] INFO  com.example.template.TemplateApplication - Started TemplateApplication in 3.455 seconds (process running for 4.309)
2025-06-17 16:23:15.375 [http-nio-8080-exec-1] INFO  o.a.c.core.ContainerBase.[Tomcat].[localhost].[/] - Initializing Spring DispatcherServlet 'dispatcherServlet'
2025-06-17 16:23:15.375 [http-nio-8080-exec-1] INFO  org.springframework.web.servlet.DispatcherServlet - Initializing Servlet 'dispatcherServlet'
2025-06-17 16:23:15.376 [http-nio-8080-exec-1] INFO  org.springframework.web.servlet.DispatcherServlet - Completed initialization in 1 ms
